
> robo-1@0.1.0 build
> next build

Γû▓ Next.js 16.1.6 (Turbopack)
- Environments: .env.local

node.exe : ΓÜá The "middleware" file convention is 
deprecated. Please use "proxy" instead. Learn 
more: https://nextjs.org/docs/messages/middleware-t
o-proxy
At C:\Users\kumar\AppData\Roaming\npm\npm.ps1:24 
char:5
+     & "node$exe"  
"$basedir/node_modules/npm/bin/npm-cli.js" $args
+     ~~~~~~~~~~~~~~~~~~~~~~~~~~~~~~~~~~~~~~~~~~~~~
~~~~~~~~~~~~~~~~~
    + CategoryInfo          : NotSpecified: (ΓÜá T 
   he "middle...leware-to-proxy:String) [], Remot  
  eException
    + FullyQualifiedErrorId : NativeCommandError
 
  Creating an optimized production build ...
Γ£ô Compiled successfully in 23.6s
  Running TypeScript ...
Failed to compile.

./app/dashboard/events/page.tsx:109:3
Type error: Property 'onShowClosedDialog' does not 
exist on type '{ event: EventData; registration?: 
RegistrationStatus | undefined; onAddToCart: 
(eventId: string, teamId?: string | undefined, 
selectedMembers?: string[] | undefined) => void; 
teamData: any; isInCart: boolean; addingToCart: 
boolean; }'.

[0m [90m 107 |[39m   isInCart[33m,[39m
 [90m 108 |[39m   addingToCart[33m,[39m
[31m[1m>[22m[39m[90m 109 |[39m   
onShowClosedDialog[33m,[39m
 [90m     |[39m   [31m[1m^[22m[39m
 [90m 110 |[39m }[33m:[39m {
 [90m 111 |[39m   event[33m:[39m 
[33mEventData[39m[33m;[39m
 [90m 112 |[39m   
registration[33m?[39m[33m:[39m 
[33mRegistrationStatus[39m[33m;[39m  [0m
Next.js build worker exited with code: 1 and 
signal: null
